Copyright 1986-2018 Xilinx, Inc. All Rights Reserved.
------------------------------------------------------------------------------------
| Tool Version : Vivado v.2018.3 (lin64) Build 2405991 Thu Dec  6 23:36:41 MST 2018
| Date         : Mon Mar 25 02:10:53 2019
| Host         : masterHAL running 64-bit Ubuntu 18.04.2 LTS
| Command      : report_control_sets -verbose -file leon3mp_control_sets_placed.rpt
| Design       : leon3mp
| Device       : xc7z020
------------------------------------------------------------------------------------

Control Set Information

Table of Contents
-----------------
1. Summary
2. Histogram
3. Flip-Flop Distribution
4. Detailed Control Set Information

1. Summary
----------

+----------------------------------------------------------+-------+
|                          Status                          | Count |
+----------------------------------------------------------+-------+
| Number of unique control sets                            |   148 |
| Unused register locations in slices containing registers |   303 |
+----------------------------------------------------------+-------+


2. Histogram
------------

+--------+--------------+
| Fanout | Control Sets |
+--------+--------------+
|      1 |            1 |
|      3 |            1 |
|      4 |            8 |
|      5 |            4 |
|      6 |            3 |
|      7 |            6 |
|      8 |           26 |
|      9 |            2 |
|     10 |            1 |
|     11 |            1 |
|     12 |            3 |
|     13 |            1 |
|     14 |            1 |
|     15 |            2 |
|    16+ |           88 |
+--------+--------------+


3. Flip-Flop Distribution
-------------------------

+--------------+-----------------------+------------------------+-----------------+--------------+
| Clock Enable | Synchronous Set/Reset | Asynchronous Set/Reset | Total Registers | Total Slices |
+--------------+-----------------------+------------------------+-----------------+--------------+
| No           | No                    | No                     |             590 |          307 |
| No           | No                    | Yes                    |               8 |            6 |
| No           | Yes                   | No                     |             821 |          351 |
| Yes          | No                    | No                     |            3310 |         1308 |
| Yes          | No                    | Yes                    |              32 |           23 |
| Yes          | Yes                   | No                     |             616 |          245 |
+--------------+-----------------------+------------------------+-----------------+--------------+


4. Detailed Control Set Information
-----------------------------------

+-------------------------------------------------------+-----------------------------------------------------------------------------------------------------------------------+----------------------------------------------------------------------------------------------+------------------+----------------+
|                      Clock Signal                     |                                                     Enable Signal                                                     |                                       Set/Reset Signal                                       | Slice Load Count | Bel Load Count |
+-------------------------------------------------------+-----------------------------------------------------------------------------------------------------------------------+----------------------------------------------------------------------------------------------+------------------+----------------+
|  ahbjtaggen0.ahbjtag0/gtckbuf.tckbuf/xil.xil0/CLK     |                                                                                                                       |                                                                                              |                1 |              1 |
| ~ahbjtaggen0.ahbjtag0/gtckbuf.tckbuf/xil.xil0/CLK     |                                                                                                                       | reset_pad/xcv.x0/p_0_in                                                                      |                3 |              3 |
|  leon3_zc702_stub_i/processing_system7_0/U0/FCLK_CLK0 | ahb2axi3/ahb2axibx/syncregs.r[wr_ptr][1]_i_1_n_0                                                                      | reset_pad/xcv.x0/p_0_in                                                                      |                2 |              4 |
|  leon3_zc702_stub_i/processing_system7_0/U0/FCLK_CLK0 | leon3_0.cpu[0].u0/leon3x0/vhdl.p0/c0mmu/icache0/r_reg[holdn]_9                                                        | leon3_0.cpu[0].u0/leon3x0/vhdl.p0/iu/r[m][dci][asi][4]_i_1_n_0                               |                2 |              4 |
|  leon3_zc702_stub_i/processing_system7_0/U0/FCLK_CLK0 | leon3_0.cpu[0].u0/leon3x0/vhdl.p0/c0mmu/icache0/r_reg[holdn]_9                                                        | leon3_0.cpu[0].u0/leon3x0/vhdl.p0/iu/r[a][ctrl][rd][7]_i_1_n_0                               |                3 |              4 |
|  leon3_zc702_stub_i/processing_system7_0/U0/FCLK_CLK0 | dsugen.dsu0/x0/r[be][0]_i_1_n_0                                                                                       |                                                                                              |                2 |              4 |
|  leon3_zc702_stub_i/processing_system7_0/U0/FCLK_CLK0 | dsugen.dsu0/x0/r_reg[slv][haddr][2]_1[0]                                                                              | leon3_0.cpu[0].u0/leon3x0/vhdl.p0/c0mmu/icache0/SR[0]                                        |                2 |              4 |
|  leon3_zc702_stub_i/processing_system7_0/U0/FCLK_CLK0 | leon3_0.cpu[0].u0/leon3x0/vhdl.p0/c0mmu/dcache0/v[mmctrl1][e]                                                         | leon3_0.cpu[0].u0/leon3x0/vhdl.p0/c0mmu/dcache0/vhdl.rst_reg                                 |                1 |              4 |
|  leon3_zc702_stub_i/processing_system7_0/U0/FCLK_CLK0 | leon3_0.cpu[0].u0/leon3x0/vhdl.p0/iu/r[w][s][icc]                                                                     |                                                                                              |                3 |              4 |
|  leon3_zc702_stub_i/processing_system7_0/U0/FCLK_CLK0 | leon3_0.cpu[0].u0/leon3x0/vhdl.p0/iu/r[w][s][pil][3]_i_1_n_0                                                          |                                                                                              |                1 |              4 |
|  leon3_zc702_stub_i/processing_system7_0/U0/FCLK_CLK0 | apb0/apbx/v[rxen]                                                                                                     | reset_pad/xcv.x0/p_0_in                                                                      |                2 |              5 |
|  leon3_zc702_stub_i/processing_system7_0/U0/FCLK_CLK0 |                                                                                                                       | leon3_0.cpu[0].u0/leon3x0/vhdl.p0/c0mmu/icache0/SR[0]                                        |                3 |              5 |
|  leon3_zc702_stub_i/processing_system7_0/U0/FCLK_CLK0 | leon3_0.cpu[0].u0/leon3x0/vhdl.p0/mgen.div0/r[cnt]                                                                    | leon3_0.cpu[0].u0/leon3x0/vhdl.p0/c0mmu/dcache0/vhdl.rst_reg                                 |                2 |              5 |
|  ahbjtaggen0.ahbjtag0/gtckbuf.tckbuf/xil.xil0/CLK     |                                                                                                                       | reset_pad/xcv.x0/p_0_in                                                                      |                3 |              5 |
|  leon3_zc702_stub_i/processing_system7_0/U0/FCLK_CLK0 | leon3_0.cpu[0].u0/leon3x0/vhdl.p0/iu/r_reg[m][dci][dsuen]_20[0]                                                       | leon3_0.cpu[0].u0/leon3x0/vhdl.p0/c0mmu/dcache0/vhdl.rst_reg                                 |                2 |              6 |
|  leon3_zc702_stub_i/processing_system7_0/U0/FCLK_CLK0 | ahb0/ahbmi[hready]                                                                                                    | reset_pad/xcv.x0/p_0_in                                                                      |                4 |              6 |
|  leon3_zc702_stub_i/processing_system7_0/U0/FCLK_CLK0 | ua1.uart1/v[irqcnt]                                                                                                   | reset_pad/xcv.x0/p_0_in                                                                      |                2 |              6 |
|  leon3_zc702_stub_i/processing_system7_0/U0/FCLK_CLK0 | leon3_0.cpu[0].u0/leon3x0/vhdl.p0/c0mmu/icache0/r_reg[holdn]_0                                                        |                                                                                              |                6 |              7 |
|  leon3_zc702_stub_i/processing_system7_0/U0/FCLK_CLK0 | leon3_0.cpu[0].u0/leon3x0/vhdl.p0/c0mmu/i___15_n_0                                                                    | leon3_0.cpu[0].u0/leon3x0/vhdl.p0/c0mmu/i___16_n_0                                           |                1 |              7 |
|  leon3_zc702_stub_i/processing_system7_0/U0/FCLK_CLK0 | dsugen.dsu0/x0/tb0.tr[aindex][6]_i_1_n_0                                                                              |                                                                                              |                4 |              7 |
|  leon3_zc702_stub_i/processing_system7_0/U0/FCLK_CLK0 | dsugen.dsu0/x0/tb0.tr[delaycnt][6]_i_1_n_0                                                                            |                                                                                              |                3 |              7 |
|  leon3_zc702_stub_i/processing_system7_0/U0/FCLK_CLK0 | leon3_0.cpu[0].u0/leon3x0/vhdl.p0/c0mmu/dcache0/E[0]                                                                  |                                                                                              |                3 |              7 |
|  leon3_zc702_stub_i/processing_system7_0/U0/FCLK_CLK0 | ahb2axi3/ahb2axibx/syncregs.r_reg[ahbin_write][hburst][0]_i_1_n_0                                                     | reset_pad/xcv.x0/p_0_in                                                                      |                5 |              7 |
|  leon3_zc702_stub_i/processing_system7_0/U0/FCLK_CLK0 | apb0/apbx/E[0]                                                                                                        | reset_pad/xcv.x0/p_0_in                                                                      |                2 |              8 |
|  leon3_zc702_stub_i/processing_system7_0/U0/FCLK_CLK0 | ua1.uart1/v[thold][3]_8                                                                                               |                                                                                              |                1 |              8 |
|  leon3_zc702_stub_i/processing_system7_0/U0/FCLK_CLK0 | ua1.uart1/v[rhold][0]_9                                                                                               |                                                                                              |                5 |              8 |
|  leon3_zc702_stub_i/processing_system7_0/U0/FCLK_CLK0 | ua1.uart1/v[rhold][1]_10                                                                                              |                                                                                              |                3 |              8 |
|  leon3_zc702_stub_i/processing_system7_0/U0/FCLK_CLK0 | ua1.uart1/v[rhold][2]_11                                                                                              |                                                                                              |                3 |              8 |
|  leon3_zc702_stub_i/processing_system7_0/U0/FCLK_CLK0 | ua1.uart1/v[rhold][3]_12                                                                                              |                                                                                              |                2 |              8 |
|  leon3_zc702_stub_i/processing_system7_0/U0/FCLK_CLK0 | ua1.uart1/v[rhold][4]_13                                                                                              |                                                                                              |                3 |              8 |
|  leon3_zc702_stub_i/processing_system7_0/U0/FCLK_CLK0 | ua1.uart1/v[rhold][5]_14                                                                                              |                                                                                              |                4 |              8 |
|  leon3_zc702_stub_i/processing_system7_0/U0/FCLK_CLK0 | ua1.uart1/v[rhold][6]_15                                                                                              |                                                                                              |                2 |              8 |
|  leon3_zc702_stub_i/processing_system7_0/U0/FCLK_CLK0 | leon3_0.cpu[0].u0/leon3x0/vhdl.p0/iu/r[w][s][tt][7]_i_2_n_0                                                           | leon3_0.cpu[0].u0/leon3x0/vhdl.p0/c0mmu/icache0/SR[0]                                        |                6 |              8 |
|  leon3_zc702_stub_i/processing_system7_0/U0/FCLK_CLK0 | ua1.uart1/v[rhold][7]_16                                                                                              |                                                                                              |                4 |              8 |
|  leon3_zc702_stub_i/processing_system7_0/U0/FCLK_CLK0 | ua1.uart1/v[rshift]                                                                                                   | ua1.uart1/r[rshift][7]_i_1_n_0                                                               |                3 |              8 |
|  leon3_zc702_stub_i/processing_system7_0/U0/FCLK_CLK0 | ua1.uart1/v[thold][0]_7                                                                                               |                                                                                              |                1 |              8 |
|  leon3_zc702_stub_i/processing_system7_0/U0/FCLK_CLK0 | ua1.uart1/v[thold][1]_5                                                                                               |                                                                                              |                3 |              8 |
|  leon3_zc702_stub_i/processing_system7_0/U0/FCLK_CLK0 | ua1.uart1/v[thold][2]_4                                                                                               |                                                                                              |                1 |              8 |
|  leon3_zc702_stub_i/processing_system7_0/U0/FCLK_CLK0 | leon3_0.cpu[0].u0/leon3x0/vhdl.p0/c0mmu/icache0/v[ctx]                                                                |                                                                                              |                2 |              8 |
|  leon3_zc702_stub_i/processing_system7_0/U0/FCLK_CLK0 | ua1.uart1/v[thold][4]_6                                                                                               |                                                                                              |                2 |              8 |
|  leon3_zc702_stub_i/processing_system7_0/U0/FCLK_CLK0 | ua1.uart1/v[thold][5]_3                                                                                               |                                                                                              |                3 |              8 |
|  leon3_zc702_stub_i/processing_system7_0/U0/FCLK_CLK0 | ua1.uart1/v[thold][6]_2                                                                                               |                                                                                              |                4 |              8 |
|  leon3_zc702_stub_i/processing_system7_0/U0/FCLK_CLK0 | ua1.uart1/v[thold][7]_1                                                                                               |                                                                                              |                5 |              8 |
|  leon3_zc702_stub_i/processing_system7_0/U0/FCLK_CLK0 | leon3_0.cpu[0].u0/leon3x0/vhdl.p0/c0mmu/icache0/r_reg[flush2]_0                                                       | leon3_0.cpu[0].u0/leon3x0/vhdl.p0/c0mmu/i___1_n_0                                            |                4 |              8 |
|  leon3_zc702_stub_i/processing_system7_0/U0/FCLK_CLK0 | gpt.timer0/r[scaler][7]_i_1_n_0                                                                                       | reset_pad/xcv.x0/p_0_in                                                                      |                5 |              8 |
|  leon3_zc702_stub_i/processing_system7_0/U0/FCLK_CLK0 | leon3_0.cpu[0].u0/leon3x0/vhdl.p0/c0mmu/dcache0/v[mmctrl1][ctx]                                                       | leon3_0.cpu[0].u0/leon3x0/vhdl.p0/c0mmu/dcache0/vhdl.rst_reg                                 |                2 |              8 |
|  leon3_zc702_stub_i/processing_system7_0/U0/FCLK_CLK0 | leon3_0.cpu[0].u0/leon3x0/vhdl.p0/iu/dsur[asi]                                                                        |                                                                                              |                3 |              8 |
| ~ahbjtaggen0.ahbjtag0/gtckbuf.tckbuf/xil.xil0/CLK     | ahbjtaggen0.ahbjtag0/newcom.jtagcom0/tnr2[addrlo][9]_i_1_n_0                                                          |                                                                                              |                2 |              8 |
|  ahbjtaggen0.ahbjtag0/gtckbuf.tckbuf/xil.xil0/CLK     | ahbjtaggen0.ahbjtag0/tap0/zynq7v.u0/E[0]                                                                              |                                                                                              |                2 |              8 |
|  leon3_zc702_stub_i/processing_system7_0/U0/FCLK_CLK0 | ua1.uart1/r[tshift][9]_i_1_n_0                                                                                        |                                                                                              |                3 |              9 |
|  leon3_zc702_stub_i/processing_system7_0/U0/FCLK_CLK0 | leon3_0.cpu[0].u0/leon3x0/vhdl.p0/iu/dsur[err]                                                                        |                                                                                              |                4 |              9 |
|  leon3_zc702_stub_i/processing_system7_0/U0/FCLK_CLK0 | leon3_0.cpu[0].u0/leon3x0/vhdl.p0/c0mmu/icache0/r_reg[holdn]_9                                                        | leon3_0.cpu[0].u0/leon3x0/vhdl.p0/iu/r[a][imm][9]_i_1_n_0                                    |                2 |             10 |
|  leon3_zc702_stub_i/processing_system7_0/U0/FCLK_CLK0 | apb0/apbx/v[rxen]                                                                                                     |                                                                                              |                4 |             11 |
|  leon3_zc702_stub_i/processing_system7_0/U0/FCLK_CLK0 | apb0/apbx/v[brate]                                                                                                    |                                                                                              |                5 |             12 |
|  leon3_zc702_stub_i/processing_system7_0/U0/FCLK_CLK0 | leon3_0.cpu[0].u0/leon3x0/vhdl.p0/c0mmu/dcache0/FSM_sequential_r_reg[dstate][2]_rep__0_0                              |                                                                                              |                6 |             12 |
|  leon3_zc702_stub_i/processing_system7_0/U0/FCLK_CLK0 | ua1.uart1/r[scaler][11]_i_1_n_0                                                                                       |                                                                                              |                4 |             12 |
|  leon3_zc702_stub_i/processing_system7_0/U0/FCLK_CLK0 |                                                                                                                       | ahb0/v[hrdatas][31]                                                                          |                5 |             13 |
|  leon3_zc702_stub_i/processing_system7_0/U0/FCLK_CLK0 | ahb0/ahbmi[hready]                                                                                                    |                                                                                              |                8 |             14 |
|  leon3_zc702_stub_i/processing_system7_0/U0/FCLK_CLK0 | apb0/apbx/syncrregs.r_reg[p][0][haddr][6]_4[0]                                                                        |                                                                                              |                9 |             15 |
|  leon3_zc702_stub_i/processing_system7_0/U0/FCLK_CLK0 | apb0/apbx/syncrregs.r_reg[p][0][haddr][7]_3[0]                                                                        | reset_pad/xcv.x0/p_0_in                                                                      |                7 |             15 |
|  leon3_zc702_stub_i/processing_system7_0/U0/FCLK_CLK0 | apb0/apbx/syncrregs.r_reg[p][0][penable]_0[0]                                                                         | reset_pad/xcv.x0/p_0_in                                                                      |               12 |             16 |
|  leon3_zc702_stub_i/processing_system7_0/U0/FCLK_CLK0 | apb0/apbx/syncrregs.r_reg[p][0][penable]_1[0]                                                                         | reset_pad/xcv.x0/p_0_in                                                                      |               11 |             16 |
|  leon3_zc702_stub_i/processing_system7_0/U0/FCLK_CLK0 |                                                                                                                       | leon3_0.cpu[0].u0/leon3x0/vhdl.p0/c0mmu/dcache0/p_2_out                                      |                6 |             16 |
|  leon3_zc702_stub_i/processing_system7_0/U0/FCLK_CLK0 | leon3_0.cpu[0].u0/leon3x0/vhdl.p0/c0mmu/icache0/v[valid][1]_161                                                       |                                                                                              |                9 |             16 |
|  leon3_zc702_stub_i/processing_system7_0/U0/FCLK_CLK0 | leon3_0.cpu[0].u0/leon3x0/vhdl.p0/c0mmu/dcache0/r[x][data][1]_138                                                     | leon3_0.cpu[0].u0/leon3x0/vhdl.p0/iu/r[x][data][0][31]_i_1_n_0                               |                8 |             16 |
|  leon3_zc702_stub_i/processing_system7_0/U0/FCLK_CLK0 | dsugen.dsu0/x0/r_reg[slv][haddr][16]_0                                                                                | leon3_0.cpu[0].u0/leon3x0/vhdl.p0/c0mmu/dcache0/vhdl.rst_reg                                 |                8 |             18 |
|  leon3_zc702_stub_i/processing_system7_0/U0/FCLK_CLK0 | ahbjtaggen0.ahbjtag0/ahbmst0/p_1_out[0]                                                                               |                                                                                              |                6 |             18 |
|  leon3_zc702_stub_i/processing_system7_0/U0/FCLK_CLK0 | leon3_0.cpu[0].u0/leon3x0/vhdl.p0/iu/r[w][s][tba][19]_i_1_n_0                                                         | leon3_0.cpu[0].u0/leon3x0/vhdl.p0/c0mmu/icache0/SR[0]                                        |               15 |             20 |
|  leon3_zc702_stub_i/processing_system7_0/U0/FCLK_CLK0 | ahbjtaggen0.ahbjtag0/ahbmst0/v[slv][haddr]                                                                            |                                                                                              |               10 |             24 |
|  leon3_zc702_stub_i/processing_system7_0/U0/FCLK_CLK0 | leon3_0.cpu[0].u0/leon3x0/vhdl.p0/c0mmu/a0/E[0]                                                                       |                                                                                              |               10 |             27 |
|  leon3_zc702_stub_i/processing_system7_0/U0/FCLK_CLK0 | leon3_0.cpu[0].u0/leon3x0/vhdl.p0/c0mmu/icache0/r[vaddress][31]_i_1_n_0                                               |                                                                                              |               10 |             27 |
|  ahbjtaggen0.ahbjtag0/gtckbuf.tckbuf/xil.xil0/CLK     | ahbjtaggen0.ahbjtag0/tap0/zynq7v.u0/E[1]                                                                              |                                                                                              |                4 |             27 |
|  leon3_zc702_stub_i/processing_system7_0/U0/FCLK_CLK0 | ahb2axi3/ahb2axibx/wsample_onlyaddr                                                                                   | reset_pad/xcv.x0/p_0_in                                                                      |                7 |             28 |
|  leon3_zc702_stub_i/processing_system7_0/U0/FCLK_CLK0 | leon3_0.cpu[0].u0/leon3x0/vhdl.p0/c0mmu/mmugen.m0/tlbsplit0.itlb0/tlbcam0[3].tag0/v[mmctrl2][fs][ft]                  |                                                                                              |               11 |             28 |
|  leon3_zc702_stub_i/processing_system7_0/U0/FCLK_CLK0 | ahb2axi3/ahb2axibx/syncregs.r_reg[ahbin_write][haddr][27]_i_1_n_0                                                     | reset_pad/xcv.x0/p_0_in                                                                      |               16 |             29 |
|  leon3_zc702_stub_i/processing_system7_0/U0/FCLK_CLK0 | dsugen.dsu0/x0/tv[tbreg1][addr]                                                                                       |                                                                                              |                6 |             30 |
|  leon3_zc702_stub_i/processing_system7_0/U0/FCLK_CLK0 | leon3_0.cpu[0].u0/leon3x0/vhdl.p0/c0mmu/mmugen.m0/tw0/FSM_sequential_syncrregs.r_reg[s2_tlbstate][0][0]               |                                                                                              |                7 |             30 |
|  leon3_zc702_stub_i/processing_system7_0/U0/FCLK_CLK0 | leon3_0.cpu[0].u0/leon3x0/vhdl.p0/iu/wpgen[0].wpg0.wpr[0][mask][31]_i_1_n_0                                           |                                                                                              |                7 |             30 |
|  leon3_zc702_stub_i/processing_system7_0/U0/FCLK_CLK0 | leon3_0.cpu[0].u0/leon3x0/vhdl.p0/c0mmu/icache0/r_reg[holdn]_2[0]                                                     |                                                                                              |               13 |             30 |
|  leon3_zc702_stub_i/processing_system7_0/U0/FCLK_CLK0 | dsugen.dsu0/x0/tv[tbreg2][mask]                                                                                       |                                                                                              |               12 |             30 |
|  leon3_zc702_stub_i/processing_system7_0/U0/FCLK_CLK0 | dsugen.dsu0/x0/tv[tbreg2][addr]                                                                                       |                                                                                              |               10 |             30 |
|  leon3_zc702_stub_i/processing_system7_0/U0/FCLK_CLK0 | dsugen.dsu0/x0/tv[tbreg1][mask]                                                                                       |                                                                                              |               11 |             30 |
|  leon3_zc702_stub_i/processing_system7_0/U0/FCLK_CLK0 | leon3_0.cpu[0].u0/leon3x0/vhdl.p0/c0mmu/tlbsplit0.itlb0/dr1write                                                      |                                                                                              |               10 |             30 |
|  leon3_zc702_stub_i/processing_system7_0/U0/FCLK_CLK0 | leon3_0.cpu[0].u0/leon3x0/vhdl.p0/iu/wpgen[0].wpg0.wpr[0][addr][31]_i_1_n_0                                           |                                                                                              |                7 |             30 |
|  leon3_zc702_stub_i/processing_system7_0/U0/FCLK_CLK0 | leon3_0.cpu[0].u0/leon3x0/vhdl.p0/c0mmu/dcache0/v[mmctrl1][ctxp]                                                      |                                                                                              |                9 |             30 |
|  leon3_zc702_stub_i/processing_system7_0/U0/FCLK_CLK0 | dsugen.dsu0/x0/r2[timer][0]_i_1_n_0                                                                                   |                                                                                              |                8 |             30 |
|  leon3_zc702_stub_i/processing_system7_0/U0/FCLK_CLK0 | leon3_0.cpu[0].u0/leon3x0/vhdl.p0/c0mmu/icache0/r_reg[holdn]_9                                                        | leon3_0.cpu[0].u0/leon3x0/vhdl.p0/c0mmu/icache0/SR[0]                                        |               19 |             30 |
|  leon3_zc702_stub_i/processing_system7_0/U0/FCLK_CLK0 | leon3_0.cpu[0].u0/leon3x0/vhdl.p0/iu/irreg.ir[addr][31]_i_1_n_0                                                       |                                                                                              |               20 |             30 |
|  leon3_zc702_stub_i/processing_system7_0/U0/FCLK_CLK0 |                                                                                                                       | leon3_0.cpu[0].u0/leon3x0/vhdl.p0/c0mmu/mmugen.m0/tlbsplit0.dtlb0/lru0.lru/lrue0[0].l1/SR[0] |               10 |             31 |
|  leon3_zc702_stub_i/processing_system7_0/U0/FCLK_CLK0 |                                                                                                                       | leon3_0.cpu[0].u0/leon3x0/vhdl.p0/c0mmu/mmugen.m0/tlbsplit0.itlb0/lru0.lru/lrue0[0].l1/SR[0] |               13 |             31 |
|  leon3_zc702_stub_i/processing_system7_0/U0/FCLK_CLK0 | leon3_0.cpu[0].u0/leon3x0/vhdl.p0/iu/r[w][s][y]                                                                       |                                                                                              |               21 |             32 |
|  leon3_zc702_stub_i/processing_system7_0/U0/FCLK_CLK0 | leon3_0.cpu[0].u0/leon3x0/vhdl.p0/mgen.div0/syncrregs.r[x][63]_i_1_n_0                                                |                                                                                              |               29 |             32 |
|  leon3_zc702_stub_i/processing_system7_0/U0/FCLK_CLK0 | leon3_0.cpu[0].u0/leon3x0/vhdl.p0/iu/r_reg[m][dci][asi][4]_1[0]                                                       |                                                                                              |                9 |             32 |
|  leon3_zc702_stub_i/processing_system7_0/U0/FCLK_CLK0 | leon3_0.cpu[0].u0/leon3x0/vhdl.p0/mgen.div0/syncrregs.r[x][31]_i_1_n_0                                                |                                                                                              |               20 |             32 |
|  leon3_zc702_stub_i/processing_system7_0/U0/FCLK_CLK0 | gpt.timer0/r[timers][2][value][31]_i_1_n_0                                                                            |                                                                                              |               22 |             32 |
|  leon3_zc702_stub_i/processing_system7_0/U0/FCLK_CLK0 | gpt.timer0/r[timers][1][value][31]_i_1_n_0                                                                            |                                                                                              |               16 |             32 |
|  leon3_zc702_stub_i/processing_system7_0/U0/FCLK_CLK0 | dsugen.dsu0/x0/v[slv][hwdata]                                                                                         |                                                                                              |                9 |             32 |
|  leon3_zc702_stub_i/processing_system7_0/U0/FCLK_CLK0 | dsugen.dsu0/x0/v[slv][hrdata]                                                                                         |                                                                                              |               23 |             32 |
|  leon3_zc702_stub_i/processing_system7_0/U0/FCLK_CLK0 | leon3_0.cpu[0].u0/leon3x0/vhdl.p0/c0mmu/i___68_n_0                                                                    |                                                                                              |               15 |             32 |
|  leon3_zc702_stub_i/processing_system7_0/U0/FCLK_CLK0 | leon3_0.cpu[0].u0/leon3x0/vhdl.p0/c0mmu/dcache0/v[wb][data2]                                                          | leon3_0.cpu[0].u0/leon3x0/vhdl.p0/c0mmu/dcache0/vhdl.rst_reg                                 |               12 |             32 |
|  ahbjtaggen0.ahbjtag0/gtckbuf.tckbuf/xil.xil0/CLK     | ahbjtaggen0.ahbjtag0/tap0/zynq7v.u0/tnr1_reg[qual_rdata][0]                                                           |                                                                                              |               10 |             32 |
|  leon3_zc702_stub_i/processing_system7_0/U0/FCLK_CLK0 | ahb2axi3/ahb2axibx/v[ahbsout][hrdata]                                                                                 | reset_pad/xcv.x0/p_0_in                                                                      |                7 |             32 |
|  leon3_zc702_stub_i/processing_system7_0/U0/FCLK_CLK0 | ahbjtaggen0.ahbjtag0/newcom.jtagcom0/ar[dreg][31]_i_1_n_0                                                             | reset_pad/xcv.x0/p_0_in                                                                      |               10 |             32 |
|  leon3_zc702_stub_i/processing_system7_0/U0/FCLK_CLK0 | apb0/apbx/syncrregs.r_reg[p][0][haddr][3]_4[0]                                                                        |                                                                                              |               14 |             32 |
|  leon3_zc702_stub_i/processing_system7_0/U0/FCLK_CLK0 | apb0/apbx/syncrregs.r_reg[p][0][haddr][3]_3[0]                                                                        |                                                                                              |               12 |             32 |
|  leon3_zc702_stub_i/processing_system7_0/U0/FCLK_CLK0 | apb0/apbx/v[p][0][pwdata]                                                                                             |                                                                                              |                8 |             32 |
| ~ahbjtaggen0.ahbjtag0/gtckbuf.tckbuf/xil.xil0/CLK     | ahbjtaggen0.ahbjtag0/tap0/zynq7v.u0/y1.q_reg[0]                                                                       |                                                                                              |                7 |             33 |
|  leon3_zc702_stub_i/processing_system7_0/U0/FCLK_CLK0 | leon3_0.cpu[0].u0/leon3x0/vhdl.p0/c0mmu/icache0/r_reg[holdn]_8[0]                                                     |                                                                                              |               22 |             33 |
|  leon3_zc702_stub_i/processing_system7_0/U0/FCLK_CLK0 | ahbjtaggen0.ahbjtag0/newcom.jtagcom0/ar_reg[qual_dreg_n_0_]                                                           | reset_pad/xcv.x0/p_0_in                                                                      |               13 |             35 |
|  leon3_zc702_stub_i/processing_system7_0/U0/FCLK_CLK0 | ahb2axi3/ahb2axibx/b2bsample                                                                                          | reset_pad/xcv.x0/p_0_in                                                                      |               12 |             35 |
|  leon3_zc702_stub_i/processing_system7_0/U0/FCLK_CLK0 | ahbs.ahbstat0/v[addr][0]_0                                                                                            |                                                                                              |               10 |             36 |
|  leon3_zc702_stub_i/processing_system7_0/U0/FCLK_CLK0 | ahb2axi3/ahb2axibx/v[aximout][w][data]                                                                                | reset_pad/xcv.x0/p_0_in                                                                      |               14 |             36 |
|  leon3_zc702_stub_i/processing_system7_0/U0/FCLK_CLK0 | ahb2axi3/ahb2axibx/rsample                                                                                            | reset_pad/xcv.x0/p_0_in                                                                      |                9 |             37 |
|  leon3_zc702_stub_i/processing_system7_0/U0/FCLK_CLK0 | ahb2axi3/ahb2axibx/wsample_axi                                                                                        | reset_pad/xcv.x0/p_0_in                                                                      |               13 |             37 |
|  leon3_zc702_stub_i/processing_system7_0/U0/FCLK_CLK0 | leon3_0.cpu[0].u0/leon3x0/vhdl.p0/c0mmu/mmugen.m0/tlbsplit0.itlb0/tlbo_a0[s1finished]                                 |                                                                                              |               14 |             39 |
|  leon3_zc702_stub_i/processing_system7_0/U0/FCLK_CLK0 | ahb0/E[0]                                                                                                             |                                                                                              |               12 |             40 |
|  leon3_zc702_stub_i/processing_system7_0/U0/FCLK_CLK0 | leon3_0.cpu[0].u0/leon3x0/vhdl.p0/c0mmu/i___103_n_0                                                                   |                                                                                              |                5 |             40 |
|  leon3_zc702_stub_i/processing_system7_0/U0/FCLK_CLK0 | leon3_0.cpu[0].u0/leon3x0/vhdl.p0/c0mmu/mmugen.m0/tlbsplit0.itlb0/dataram/xc2v.x0/a0.r0/write                         |                                                                                              |                5 |             40 |
|  leon3_zc702_stub_i/processing_system7_0/U0/FCLK_CLK0 | leon3_0.cpu[0].u0/leon3x0/vhdl.p0/c0mmu/mmugen.m0/tlbsplit0.dtlb0/FSM_sequential_syncrregs.r_reg[s2_tlbstate][1]_0[0] |                                                                                              |               18 |             44 |
|  leon3_zc702_stub_i/processing_system7_0/U0/FCLK_CLK0 | ahb2axi3/ahb2axibx/wbuffer/inf.x0/rfd_reg_0_1_0_5_i_1_n_0                                                             |                                                                                              |                6 |             48 |
|  leon3_zc702_stub_i/processing_system7_0/U0/FCLK_CLK0 | leon3_0.cpu[0].u0/leon3x0/vhdl.p0/c0mmu/dcache0/r[x][data][1]_138                                                     |                                                                                              |               22 |             48 |
|  leon3_zc702_stub_i/processing_system7_0/U0/FCLK_CLK0 |                                                                                                                       | leon3_0.cpu[0].u0/leon3x0/vhdl.p0/c0mmu/dcache0/sn2.rs_reg[mask][0]_0                        |               25 |             49 |
|  leon3_zc702_stub_i/processing_system7_0/U0/FCLK_CLK0 |                                                                                                                       | leon3_0.cpu[0].u0/leon3x0/vhdl.p0/c0mmu/dcache0/sn2.rs_reg[mask][1]_0                        |               25 |             49 |
|  leon3_zc702_stub_i/processing_system7_0/U0/FCLK_CLK0 | leon3_0.cpu[0].u0/leon3x0/vhdl.p0/c0mmu/mmugen.m0/tlbsplit0.itlb0/tlbcam0[1].tag0/E[0]                                |                                                                                              |               19 |             61 |
|  leon3_zc702_stub_i/processing_system7_0/U0/FCLK_CLK0 | leon3_0.cpu[0].u0/leon3x0/vhdl.p0/c0mmu/i___99_n_0                                                                    |                                                                                              |               17 |             61 |
|  leon3_zc702_stub_i/processing_system7_0/U0/FCLK_CLK0 | leon3_0.cpu[0].u0/leon3x0/vhdl.p0/c0mmu/i___98_n_0                                                                    |                                                                                              |               19 |             61 |
|  leon3_zc702_stub_i/processing_system7_0/U0/FCLK_CLK0 | leon3_0.cpu[0].u0/leon3x0/vhdl.p0/c0mmu/i___97_n_0                                                                    |                                                                                              |               19 |             61 |
|  leon3_zc702_stub_i/processing_system7_0/U0/FCLK_CLK0 | leon3_0.cpu[0].u0/leon3x0/vhdl.p0/c0mmu/i___96_n_0                                                                    |                                                                                              |               25 |             61 |
|  leon3_zc702_stub_i/processing_system7_0/U0/FCLK_CLK0 | leon3_0.cpu[0].u0/leon3x0/vhdl.p0/c0mmu/mmugen.m0/tlbsplit0.itlb0/tlbcam0[3].tag0/E[0]                                |                                                                                              |               26 |             61 |
|  leon3_zc702_stub_i/processing_system7_0/U0/FCLK_CLK0 | leon3_0.cpu[0].u0/leon3x0/vhdl.p0/c0mmu/mmugen.m0/tlbsplit0.itlb0/tlbcam0[5].tag0/E[0]                                |                                                                                              |               23 |             61 |
|  leon3_zc702_stub_i/processing_system7_0/U0/FCLK_CLK0 | leon3_0.cpu[0].u0/leon3x0/vhdl.p0/c0mmu/mmugen.m0/tlbsplit0.dtlb0/tlbcam0[7].tag0/E[0]                                |                                                                                              |               25 |             61 |
|  leon3_zc702_stub_i/processing_system7_0/U0/FCLK_CLK0 | leon3_0.cpu[0].u0/leon3x0/vhdl.p0/c0mmu/mmugen.m0/tlbsplit0.dtlb0/tlbcam0[6].tag0/E[0]                                |                                                                                              |               20 |             61 |
|  leon3_zc702_stub_i/processing_system7_0/U0/FCLK_CLK0 | leon3_0.cpu[0].u0/leon3x0/vhdl.p0/c0mmu/mmugen.m0/tlbsplit0.dtlb0/tlbcam0[5].tag0/E[0]                                |                                                                                              |               21 |             61 |
|  leon3_zc702_stub_i/processing_system7_0/U0/FCLK_CLK0 | leon3_0.cpu[0].u0/leon3x0/vhdl.p0/c0mmu/mmugen.m0/tlbsplit0.dtlb0/tlbcam0[4].tag0/E[0]                                |                                                                                              |               19 |             61 |
|  leon3_zc702_stub_i/processing_system7_0/U0/FCLK_CLK0 | leon3_0.cpu[0].u0/leon3x0/vhdl.p0/c0mmu/mmugen.m0/tlbsplit0.dtlb0/tlbcam0[3].tag0/E[0]                                |                                                                                              |               20 |             61 |
|  leon3_zc702_stub_i/processing_system7_0/U0/FCLK_CLK0 | leon3_0.cpu[0].u0/leon3x0/vhdl.p0/c0mmu/mmugen.m0/tlbsplit0.itlb0/tlbcam0[7].tag0/E[0]                                |                                                                                              |               27 |             61 |
|  leon3_zc702_stub_i/processing_system7_0/U0/FCLK_CLK0 | leon3_0.cpu[0].u0/leon3x0/vhdl.p0/c0mmu/mmugen.m0/tlbsplit0.dtlb0/tlbcam0[2].tag0/E[0]                                |                                                                                              |               20 |             61 |
|  leon3_zc702_stub_i/processing_system7_0/U0/FCLK_CLK0 | leon3_0.cpu[0].u0/leon3x0/vhdl.p0/c0mmu/mmugen.m0/tlbsplit0.dtlb0/tlbcam0[1].tag0/E[0]                                |                                                                                              |               18 |             61 |
|  leon3_zc702_stub_i/processing_system7_0/U0/FCLK_CLK0 | leon3_0.cpu[0].u0/leon3x0/vhdl.p0/c0mmu/mmugen.m0/tlbsplit0.dtlb0/tlbcam0[0].tag0/E[0]                                |                                                                                              |               23 |             61 |
|  leon3_zc702_stub_i/processing_system7_0/U0/FCLK_CLK0 | leon3_0.cpu[0].u0/leon3x0/vhdl.p0/c0mmu/i___100_n_0                                                                   |                                                                                              |               22 |             63 |
|  leon3_zc702_stub_i/processing_system7_0/U0/FCLK_CLK0 | ahb2axi3/ahb2axibx/v[last_latched_word]                                                                               | reset_pad/xcv.x0/p_0_in                                                                      |               23 |             64 |
|  leon3_zc702_stub_i/processing_system7_0/U0/FCLK_CLK0 | leon3_0.cpu[0].u0/leon3x0/vhdl.p0/c0mmu/mmugen.m0/tlbsplit0.dtlb0/v[walk_transdata][data]                             |                                                                                              |               29 |             65 |
|  leon3_zc702_stub_i/processing_system7_0/U0/FCLK_CLK0 |                                                                                                                       | leon3_0.cpu[0].u0/leon3x0/vhdl.p0/c0mmu/dcache0/vhdl.rst_reg                                 |               64 |            104 |
|  leon3_zc702_stub_i/processing_system7_0/U0/FCLK_CLK0 |                                                                                                                       | leon3_0.cpu[0].u0/leon3x0/vhdl.p0/c0mmu/dcache0/r_reg[flush_n_0_2]                           |               48 |            128 |
|  leon3_zc702_stub_i/processing_system7_0/U0/FCLK_CLK0 |                                                                                                                       | reset_pad/xcv.x0/p_0_in                                                                      |               77 |            139 |
|  leon3_zc702_stub_i/processing_system7_0/U0/FCLK_CLK0 |                                                                                                                       | leon3_0.cpu[0].u0/leon3x0/vhdl.p0/c0mmu/icache0/p_7_out                                      |               75 |            256 |
|  leon3_zc702_stub_i/processing_system7_0/U0/FCLK_CLK0 |                                                                                                                       |                                                                                              |              306 |            589 |
|  leon3_zc702_stub_i/processing_system7_0/U0/FCLK_CLK0 | leon3_0.cpu[0].u0/leon3x0/vhdl.p0/c0mmu/icache0/r_reg[holdn]_9                                                        |                                                                                              |              303 |            699 |
+-------------------------------------------------------+-----------------------------------------------------------------------------------------------------------------------+----------------------------------------------------------------------------------------------+------------------+----------------+


